// Jest Snapshot v1, https://goo.gl/fbAQLP

exports[`ReleaseDetail should render the component 1`] = `
<div>
  <Link
    replace={false}
    to="/releases/all"
  >
    Back to Index
  </Link>
  <ul
    className="list-group center"
  >
    <li
      className="list-group-item"
      key="2"
    >
      <h1 />
      <h2 />
      <p />
      <p>
        <Connect(Payments)
          release={
            Object {
              "artist": "",
              "id": 2,
              "label": "",
              "thumb": "",
              "title": "",
            }
          }
        />
      </p>
    </li>
  </ul>
</div>
`;
